mode: set
github.com/Sajid416/go-cli/cmd/hello/main.go:15.13,25.2 6 0
github.com/Sajid416/go-cli/pkg/parser/parser.go:23.31,23.49 1 1
github.com/Sajid416/go-cli/pkg/parser/parser.go:34.32,34.48 1 0
github.com/Sajid416/go-cli/pkg/parser/parser.go:36.53,37.34 1 1
github.com/Sajid416/go-cli/pkg/parser/parser.go:37.34,39.3 1 1
github.com/Sajid416/go-cli/pkg/parser/parser.go:40.2,43.16 4 1
github.com/Sajid416/go-cli/pkg/parser/parser.go:43.16,44.29 1 0
github.com/Sajid416/go-cli/pkg/parser/parser.go:44.29,46.4 1 0
github.com/Sajid416/go-cli/pkg/parser/parser.go:47.3,47.48 1 0
github.com/Sajid416/go-cli/pkg/parser/parser.go:50.2,51.6 2 1
github.com/Sajid416/go-cli/pkg/parser/parser.go:51.6,53.29 2 1
github.com/Sajid416/go-cli/pkg/parser/parser.go:53.29,54.9 1 1
github.com/Sajid416/go-cli/pkg/parser/parser.go:56.3,56.17 1 1
github.com/Sajid416/go-cli/pkg/parser/parser.go:56.17,58.4 1 0
github.com/Sajid416/go-cli/pkg/parser/parser.go:59.3,60.25 2 1
github.com/Sajid416/go-cli/pkg/parser/parser.go:60.25,63.20 3 1
github.com/Sajid416/go-cli/pkg/parser/parser.go:63.20,65.5 1 1
github.com/Sajid416/go-cli/pkg/parser/parser.go:66.4,66.18 1 1
github.com/Sajid416/go-cli/pkg/parser/parser.go:68.3,68.25 1 1
github.com/Sajid416/go-cli/pkg/parser/parser.go:70.2,70.17 1 1
github.com/Sajid416/go-cli/pkg/parser/parser.go:76.33,76.50 1 0
github.com/Sajid416/go-cli/pkg/parser/parser.go:79.54,80.34 1 1
github.com/Sajid416/go-cli/pkg/parser/parser.go:80.34,82.3 1 1
github.com/Sajid416/go-cli/pkg/parser/parser.go:84.2,88.54 3 1
github.com/Sajid416/go-cli/pkg/parser/parser.go:88.54,90.3 1 1
github.com/Sajid416/go-cli/pkg/parser/parser.go:93.2,96.69 2 1
github.com/Sajid416/go-cli/pkg/parser/parser.go:96.69,98.3 1 1
github.com/Sajid416/go-cli/pkg/parser/parser.go:100.2,100.54 1 1
github.com/Sajid416/go-cli/pkg/parser/parser.go:104.48,106.46 2 1
github.com/Sajid416/go-cli/pkg/parser/parser.go:106.46,108.3 1 1
github.com/Sajid416/go-cli/pkg/parser/parser.go:109.2,110.12 2 1
github.com/Sajid416/go-cli/pkg/parser/parser.go:113.49,115.23 2 1
github.com/Sajid416/go-cli/pkg/parser/parser.go:115.23,117.23 2 1
github.com/Sajid416/go-cli/pkg/parser/parser.go:117.23,119.4 1 1
github.com/Sajid416/go-cli/pkg/parser/parser.go:120.3,120.25 1 1
github.com/Sajid416/go-cli/pkg/parser/parser.go:122.2,122.12 1 1
github.com/Sajid416/go-cli/pkg/parser/parser.go:126.39,127.31 1 0
github.com/Sajid416/go-cli/pkg/parser/parser.go:128.13,129.26 1 0
github.com/Sajid416/go-cli/pkg/parser/parser.go:130.14,131.27 1 0
github.com/Sajid416/go-cli/pkg/parser/parser.go:132.10,133.59 1 0
